[2026-09-08 17:49:06] ==================================================
[2026-09-08 17:49:06] Auto upload started.
[2026-09-08 17:49:06] Changes detected.
[2026-09-08 17:49:07] Commit created.
[2026-09-08 17:49:07] Push attempt 1 of 5...
[2026-09-08 17:49:10] Push failed. Internet may be unavailable.
[2026-09-08 17:49:10] Waiting 5 minutes before retry...
[2026-09-08 18:46:57] ==================================================
[2026-09-08 18:46:57] Auto upload started.
[2026-09-08 18:46:57] Changes detected.
[2026-09-08 18:46:57] Commit created.
[2026-09-08 18:46:57] Push attempt 1 of 5...
[2026-09-08 18:46:59] Push failed. Internet may be unavailable.
[2026-09-08 18:46:59] Waiting 5 minutes before retry...
[2026-09-08 18:49:30] ==================================================
[2026-09-08 18:49:30] Auto upload started.
[2026-09-08 18:49:30] Changes detected.
[2026-09-08 18:49:30] ERROR - Commit failed.
[2026-09-08 18:49:30] 
[2026-09-08 18:49:30] Aborting commit due to empty commit message.
[2026-09-08 18:56:50] ==================================================
[2026-09-08 18:56:50] Auto upload started.
